---
source: fortitude/src/rules/typing/mod.rs
expression: diagnostics
snapshot_kind: text
---
./resources/test/fixtures/typing/T041.f90:3:28: T041 'array' has assumed size
  |
1 | subroutine assumed_size_dimension(array, n, m, l, o, p, options, thing, q)
2 |   integer, intent(in) :: n, m
3 |   integer, dimension(n, m, *), intent(in) :: array
  |                            ^ T041
4 |   integer, intent(in) :: l(*), o, p(*)
5 |   ! warning must be on the array part for characters
  |

./resources/test/fixtures/typing/T041.f90:4:28: T041 'l' has assumed size
  |
2 |   integer, intent(in) :: n, m
3 |   integer, dimension(n, m, *), intent(in) :: array
4 |   integer, intent(in) :: l(*), o, p(*)
  |                            ^ T041
5 |   ! warning must be on the array part for characters
6 |   character(len=*), dimension(*) :: options
  |

./resources/test/fixtures/typing/T041.f90:4:37: T041 'p' has assumed size
  |
2 |   integer, intent(in) :: n, m
3 |   integer, dimension(n, m, *), intent(in) :: array
4 |   integer, intent(in) :: l(*), o, p(*)
  |                                     ^ T041
5 |   ! warning must be on the array part for characters
6 |   character(len=*), dimension(*) :: options
  |

./resources/test/fixtures/typing/T041.f90:6:31: T041 'options' has assumed size
  |
4 |   integer, intent(in) :: l(*), o, p(*)
5 |   ! warning must be on the array part for characters
6 |   character(len=*), dimension(*) :: options
  |                               ^ T041
7 |   character(*) :: thing(*)
8 |   ! this is ok
  |

./resources/test/fixtures/typing/T041.f90:7:25: T041 'thing' has assumed size
  |
5 |   ! warning must be on the array part for characters
6 |   character(len=*), dimension(*) :: options
7 |   character(*) :: thing(*)
  |                         ^ T041
8 |   ! this is ok
9 |   character(*), intent(in) :: q
  |
