---
source: fortitude/src/rules/typing/mod.rs
expression: diagnostics
snapshot_kind: text
---
./resources/test/fixtures/typing/T012.f90:4:40: T012 '1.234567_4' has literal suffix '4', use 'iso_fortran_env' parameter
  |
2 |   use, intrinsic :: iso_fortran_env, only: sp => real32, dp => real64
3 |
4 |   real(sp), parameter :: x1 = 1.234567_4
  |                                        ^ T012
5 |   real(dp), parameter :: x2 = 1.234567_dp
6 |   real(dp), parameter :: x3 = 1.789d3
  |

./resources/test/fixtures/typing/T012.f90:7:37: T012 '9.876_8' has literal suffix '8', use 'iso_fortran_env' parameter
  |
5 |   real(dp), parameter :: x2 = 1.234567_dp
6 |   real(dp), parameter :: x3 = 1.789d3
7 |   real(dp), parameter :: x4 = 9.876_8
  |                                     ^ T012
8 |   real(sp), parameter :: x5 = 2.468_sp
9 | end program
  |
