---
source: fortitude/src/rules/typing/mod.rs
expression: diagnostics
snapshot_kind: text
---
./resources/test/fixtures/typing/T011.f90:1:9: T011 integer kind set with number literal '8', use 'iso_fortran_env' parameter
  |
1 | integer(8) function add_if(x, y, z)
  |         ^ T011
2 |   integer :: w
3 |   integer(kind=2), intent(in) :: x
  |

./resources/test/fixtures/typing/T011.f90:3:16: T011 integer kind set with number literal '2', use 'iso_fortran_env' parameter
  |
1 | integer(8) function add_if(x, y, z)
2 |   integer :: w
3 |   integer(kind=2), intent(in) :: x
  |                ^ T011
4 |   integer(i32), intent(in) :: y
5 |   logical(kind=4), intent(in) :: z
  |

./resources/test/fixtures/typing/T011.f90:5:16: T011 logical kind set with number literal '4', use 'iso_fortran_env' parameter
  |
3 |   integer(kind=2), intent(in) :: x
4 |   integer(i32), intent(in) :: y
5 |   logical(kind=4), intent(in) :: z
  |                ^ T011
6 |
7 |   if (x) then
  |

./resources/test/fixtures/typing/T011.f90:15:8: T011 real kind set with number literal '8', use 'iso_fortran_env' parameter
   |
14 | subroutine complex_mul(x, y)
15 |   real(8), intent(in) :: x
   |        ^ T011
16 |   complex(4), intent(inout) :: y
17 |   real :: z = 0.5
   |

./resources/test/fixtures/typing/T011.f90:16:11: T011 complex kind set with number literal '4', use 'iso_fortran_env' parameter
   |
14 | subroutine complex_mul(x, y)
15 |   real(8), intent(in) :: x
16 |   complex(4), intent(inout) :: y
   |           ^ T011
17 |   real :: z = 0.5
18 |   y = y * x
   |

./resources/test/fixtures/typing/T011.f90:23:16: T011 complex kind set with number literal '4', use 'iso_fortran_env' parameter
   |
21 | complex(real64) function complex_add(x, y)
22 |   real(real64), intent(in) :: x
23 |   complex(kind=4), intent(in) :: y
   |                ^ T011
24 |   complex_add = y + x
25 | end function complex_add
   |
