---
source: fortitude/src/rules/modules/mod.rs
expression: diagnostics
snapshot_kind: text
---
./resources/test/fixtures/modules/M011.f90:3:3: M011 'use' statement missing 'only' clause
  |
1 | module my_module
2 |   use, intrinsic :: iso_fortran_env, only: real32
3 |   use, intrinsic :: iso_c_binding
  |   ^^^^^^^^^^^^^^^^^^^^^^^^^^^^^^^ M011
4 | end module my_module
  |
